1. created a repository in git called gitExercise1


2. Initilaize git 
$ git init
Initialized empty Git repository in C:/Users/Akansha/Desktop/git_exercise/new/exercise1/.git/

3. Connect with remote branch
Akansha@DESKTOP-VF677LJ MINGW64 ~/Desktop/git_exercise/new/exercise1 (master)
$ git remote add origin https://github.com/AkankshaJ22/gitExercise1.git

4. Created 3 empty files
Akansha@DESKTOP-VF677LJ MINGW64 ~/Desktop/git_exercise/new/exercise1 (master)
$ touch index.html

Akansha@DESKTOP-VF677LJ MINGW64 ~/Desktop/git_exercise/new/exercise1 (master)
$ touch about.html

Akansha@DESKTOP-VF677LJ MINGW64 ~/Desktop/git_exercise/new/exercise1 (master)
$ touch contact.html

5. Open Visual studio code
Akansha@DESKTOP-VF677LJ MINGW64 ~/Desktop/git_exercise/new/exercise1 (master)
$ code .

6. add initial code in the empty files and check the status 
Akansha@DESKTOP-VF677LJ MINGW64 ~/Desktop/git_exercise/new/exercise1 (master)
$ git status
On branch master

No commits yet

Untracked files:
  (use "git add <file>..." to include in what will be committed)
        about.html
        command_txt.txt
        contact.html
        index.html

nothing added to commit but untracked files present (use "git add" to track)

7. Added in staging area
Akansha@DESKTOP-VF677LJ MINGW64 ~/Desktop/git_exercise/new/exercise1 (master)
$ git add -A

8. Commit the code
Akansha@DESKTOP-VF677LJ MINGW64 ~/Desktop/git_exercise/new/exercise1 (master)
$ git commit -m "initial commit"
[master (root-commit) 4782ce5] initial commit
 4 files changed, 80 insertions(+)
 create mode 100644 about.html
 create mode 100644 command_txt.txt
 create mode 100644 contact.html
 create mode 100644 index.html

9. Again change the code and check the difference code using git f
 Akansha@DESKTOP-VF677LJ MINGW64 ~/Desktop/git_exercise/new/exercise1 (master)
$ git diff
diff --git a/about.html b/about.html
index 51aa68d..63c18d3 100644
--- a/about.html
+++ b/about.html
@@ -7,6 +7,6 @@
     <title>About page</title>
 </head>
 <body>
-
+    <div><h1>This is About page</h1></div>
 </body>
 </html>
\ No newline at end of file
diff --git a/command_txt.txt b/command_txt.txt
index 6b0fb0e..ecc7b86 100644
--- a/command_txt.txt
+++ b/command_txt.txt
@@ -40,5 +40,19 @@ Untracked files:
 nothing added to commit but untracked files present (use "git add" to track)
7. Added in staging area
+Akansha@DESKTOP-VF677LJ MINGW64 ~/Desktop/git_exercise/new/exercise1 (master)
+$ git add -A

10. Again add in the staging area and as well as commit the code using single command
Akansha@DESKTOP-VF677LJ MINGW64 ~/Desktop/git_exercise/new/exercise1 (master)
$ git commit -a -m "Added in the page title using headings "
[master 773597d] Added in the page title using headings
 4 files changed, 45 insertions(+), 3 deletions(-)







